intmain(){  printf("Square of 4: %d\n",SQUARE(4));  return0;}