if ( prsvec_1 . prso == oindex_1 . valua prsvec_1 . prso == oindex_1 . every ) { 
	 goto L900 ; 
} 
